------- FILE 96x2_2_image.asm LEVEL 1 PASS 2
      1  0083 ????
      2  0083 ????						;*** The height of the displayed data...
      3  0083 ????	       00 0a	   bmp_96x2_2_window =	10
      4  0083 ????
      5  0083 ????						;*** The height of the bitmap data. This can be larger than 
      6  0083 ????						;*** the displayed data height, if you're scrolling or animating 
      7  0083 ????						;*** the data...
      8  0083 ????	       00 0a	   bmp_96x2_2_height =	10
      9  0083 ????
     10  0083 ????
     11  0083 ????			  -	      if	>. != >[.+(bmp_96x2_2_height)]
     12  0083 ????			  -	      align	256
     13  0083 ????				      endif
     14  0083 ????	       00		      BYTE.b	$00	; leave this here!
     15  0084 ????
     16  0084 ????
     17  0084 ????						;*** The color of each line in the bitmap, in reverse order...
     18  0084 ????			   bmp_96x2_2_colors
     19  0084 ????	       1e		      .byte.b	$1E
     20  0085 ????	       1e		      .byte.b	$1E
     21  0086 ????	       1e		      .byte.b	$1E
     22  0087 ????	       1e		      .byte.b	$1E
     23  0088 ????	       1e		      .byte.b	$1E
     24  0089 ????	       1e		      .byte.b	$1E
     25  008a ????	       1e		      .byte.b	$1E
     26  008b ????	       1e		      .byte.b	$1E
     27  008c ????	       1e		      .byte.b	$1E
     28  008d ????	       1e		      .byte.b	$1E
     29  008e ????
     30  008e ????
     31  008e ????			  -	      if	>. != >[.+(bmp_96x2_2_height)]
     32  008e ????			  -	      align	256
     33  008e ????				      endif
     34  008e ????
     35  008e ????
     36  008e ????			   bmp_96x2_2_00
     37  008e ????						; *** replace this block with your bimap_00 data block...
     38  008e ????	       78		      BYTE.b	%01111000
     39  008f ????	       7c		      BYTE.b	%01111100
     40  0090 ????	       7c		      BYTE.b	%01111100
     41  0091 ????	       7f		      BYTE.b	%01111111
     42  0092 ????	       78		      BYTE.b	%01111000
     43  0093 ????	       00		      BYTE.b	%00000000
     44  0094 ????	       00		      BYTE.b	%00000000
     45  0095 ????	       00		      BYTE.b	%00000000
     46  0096 ????	       00		      BYTE.b	%00000000
     47  0097 ????	       00		      BYTE.b	%00000000
     48  0098 ????
     49  0098 ????
     50  0098 ????			  -	      if	>. != >[.+(bmp_96x2_2_height)]
     51  0098 ????			  -	      align	256
     52  0098 ????				      endif
     53  0098 ????
     54  0098 ????
     55  0098 ????			   bmp_96x2_2_01
     56  0098 ????						; *** replace this block with your bimap_01 data block...
     57  0098 ????	       07		      BYTE.b	%00000111
     58  0099 ????	       07		      BYTE.b	%00000111
     59  009a ????	       cf		      BYTE.b	%11001111
     60  009b ????	       3f		      BYTE.b	%00111111
     61  009c ????	       07		      BYTE.b	%00000111
     62  009d ????	       1f		      BYTE.b	%00011111
     63  009e ????	       1e		      BYTE.b	%00011110
     64  009f ????	       1f		      BYTE.b	%00011111
     65  00a0 ????	       1e		      BYTE.b	%00011110
     66  00a1 ????	       1f		      BYTE.b	%00011111
     67  00a2 ????
     68  00a2 ????
     69  00a2 ????			  -	      if	>. != >[.+(bmp_96x2_2_height)]
     70  00a2 ????			  -	      align	256
     71  00a2 ????				      endif
     72  00a2 ????
     73  00a2 ????
     74  00a2 ????			   bmp_96x2_2_02
     75  00a2 ????						; *** replace this block with your bimap_02 data block...
     76  00a2 ????	       87		      BYTE.b	%10000111
     77  00a3 ????	       8f		      BYTE.b	%10001111
     78  00a4 ????	       8f		      BYTE.b	%10001111
     79  00a5 ????	       83		      BYTE.b	%10000011
     80  00a6 ????	       80		      BYTE.b	%10000000
     81  00a7 ????	       ff		      BYTE.b	%11111111
     82  00a8 ????	       03		      BYTE.b	%00000011
     83  00a9 ????	       ff		      BYTE.b	%11111111
     84  00aa ????	       03		      BYTE.b	%00000011
     85  00ab ????	       ff		      BYTE.b	%11111111
     86  00ac ????
     87  00ac ????
     88  00ac ????			  -	      if	>. != >[.+(bmp_96x2_2_height)]
     89  00ac ????			  -	      align	256
     90  00ac ????				      endif
     91  00ac ????
     92  00ac ????
     93  00ac ????			   bmp_96x2_2_03
     94  00ac ????						; *** replace this block with your bimap_03 data block...
     95  00ac ????	       80		      BYTE.b	%10000000
     96  00ad ????	       81		      BYTE.b	%10000001
     97  00ae ????	       80		      BYTE.b	%10000000
     98  00af ????	       e3		      BYTE.b	%11100011
     99  00b0 ????	       7e		      BYTE.b	%01111110
    100  00b1 ????	       03		      BYTE.b	%00000011
    101  00b2 ????	       e3		      BYTE.b	%11100011
    102  00b3 ????	       83		      BYTE.b	%10000011
    103  00b4 ????	       e3		      BYTE.b	%11100011
    104  00b5 ????	       03		      BYTE.b	%00000011
    105  00b6 ????
    106  00b6 ????
    107  00b6 ????			  -	      if	>. != >[.+(bmp_96x2_2_height)]
    108  00b6 ????			  -	      align	256
    109  00b6 ????				      endif
    110  00b6 ????
    111  00b6 ????
    112  00b6 ????			   bmp_96x2_2_04
    113  00b6 ????						; *** replace this block with your bimap_04 data block...
    114  00b6 ????	       f0		      BYTE.b	%11110000
    115  00b7 ????	       f0		      BYTE.b	%11110000
    116  00b8 ????	       f0		      BYTE.b	%11110000
    117  00b9 ????	       e0		      BYTE.b	%11100000
    118  00ba ????	       00		      BYTE.b	%00000000
    119  00bb ????	       ff		      BYTE.b	%11111111
    120  00bc ????	       e0		      BYTE.b	%11100000
    121  00bd ????	       ff		      BYTE.b	%11111111
    122  00be ????	       e0		      BYTE.b	%11100000
    123  00bf ????	       ff		      BYTE.b	%11111111
    124  00c0 ????
    125  00c0 ????
    126  00c0 ????			  -	      if	>. != >[.+(bmp_96x2_2_height)]
    127  00c0 ????			  -	      align	256
    128  00c0 ????				      endif
    129  00c0 ????
    130  00c0 ????
    131  00c0 ????			   bmp_96x2_2_05
    132  00c0 ????						; *** replace this block with your bimap_05 data block...
    133  00c0 ????	       f0		      BYTE.b	%11110000
    134  00c1 ????	       f0		      BYTE.b	%11110000
    135  00c2 ????	       f3		      BYTE.b	%11110011
    136  00c3 ????	       fe		      BYTE.b	%11111110
    137  00c4 ????	       f0		      BYTE.b	%11110000
    138  00c5 ????	       fc		      BYTE.b	%11111100
    139  00c6 ????	       00		      BYTE.b	%00000000
    140  00c7 ????	       e0		      BYTE.b	%11100000
    141  00c8 ????	       00		      BYTE.b	%00000000
    142  00c9 ????	       fc		      BYTE.b	%11111100
    143  00ca ????
    144  00ca ????			  -	      if	>. != >[.+(bmp_96x2_2_height)]
    145  00ca ????			  -	      align	256
    146  00ca ????				      endif
    147  00ca ????
    148  00ca ????
    149  00ca ????			   bmp_96x2_2_06
    150  00ca ????						; *** replace this block with your bimap_06 data block...
    151  00ca ????	       1e		      BYTE.b	%00011110
    152  00cb ????	       1f		      BYTE.b	%00011111
    153  00cc ????	       ff		      BYTE.b	%11111111
    154  00cd ????	       1f		      BYTE.b	%00011111
    155  00ce ????	       1e		      BYTE.b	%00011110
    156  00cf ????	       7f		      BYTE.b	%01111111
    157  00d0 ????	       7c		      BYTE.b	%01111100
    158  00d1 ????	       7f		      BYTE.b	%01111111
    159  00d2 ????	       7c		      BYTE.b	%01111100
    160  00d3 ????	       3f		      BYTE.b	%00111111
    161  00d4 ????
    162  00d4 ????
    163  00d4 ????			  -	      if	>. != >[.+(bmp_96x2_2_height)]
    164  00d4 ????			  -	      align	256
    165  00d4 ????				      endif
    166  00d4 ????
    167  00d4 ????
    168  00d4 ????			   bmp_96x2_2_07
    169  00d4 ????						; *** replace this block with your bimap_07 data block...
    170  00d4 ????	       07		      BYTE.b	%00000111
    171  00d5 ????	       00		      BYTE.b	%00000000
    172  00d6 ????	       00		      BYTE.b	%00000000
    173  00d7 ????	       00		      BYTE.b	%00000000
    174  00d8 ????	       07		      BYTE.b	%00000111
    175  00d9 ????	       ff		      BYTE.b	%11111111
    176  00da ????	       00		      BYTE.b	%00000000
    177  00db ????	       fe		      BYTE.b	%11111110
    178  00dc ????	       00		      BYTE.b	%00000000
    179  00dd ????	       ff		      BYTE.b	%11111111
    180  00de ????
    181  00de ????
    182  00de ????			  -	      if	>. != >[.+(bmp_96x2_2_height)]
    183  00de ????			  -	      align	256
    184  00de ????				      endif
    185  00de ????
    186  00de ????
    187  00de ????			   bmp_96x2_2_08
    188  00de ????						; *** replace this block with your bimap_08 data block...
    189  00de ????	       ff		      BYTE.b	%11111111
    190  00df ????	       3c		      BYTE.b	%00111100
    191  00e0 ????	       3c		      BYTE.b	%00111100
    192  00e1 ????	       3c		      BYTE.b	%00111100
    193  00e2 ????	       ff		      BYTE.b	%11111111
    194  00e3 ????	       87		      BYTE.b	%10000111
    195  00e4 ????	       0f		      BYTE.b	%00001111
    196  00e5 ????	       0f		      BYTE.b	%00001111
    197  00e6 ????	       0f		      BYTE.b	%00001111
    198  00e7 ????	       87		      BYTE.b	%10000111
    199  00e8 ????
    200  00e8 ????
    201  00e8 ????			  -	      if	>. != >[.+(bmp_96x2_2_height)]
    202  00e8 ????			  -	      align	256
    203  00e8 ????				      endif
    204  00e8 ????
    205  00e8 ????
    206  00e8 ????			   bmp_96x2_2_09
    207  00e8 ????						; *** replace this block with your bimap_09 data block...
    208  00e8 ????	       e3		      BYTE.b	%11100011
    209  00e9 ????	       03		      BYTE.b	%00000011
    210  00ea ????	       03		      BYTE.b	%00000011
    211  00eb ????	       00		      BYTE.b	%00000000
    212  00ec ????	       e0		      BYTE.b	%11100000
    213  00ed ????	       83		      BYTE.b	%10000011
    214  00ee ????	       9f		      BYTE.b	%10011111
    215  00ef ????	       83		      BYTE.b	%10000011
    216  00f0 ????	       80		      BYTE.b	%10000000
    217  00f1 ????	       ff		      BYTE.b	%11111111
    218  00f2 ????
    219  00f2 ????
    220  00f2 ????			  -	      if	>. != >[.+(bmp_96x2_2_height)]
    221  00f2 ????			  -	      align	256
    222  00f2 ????				      endif
    223  00f2 ????
    224  00f2 ????
    225  00f2 ????			   bmp_96x2_2_10
    226  00f2 ????						; *** replace this block with your bimap_10 data block...
    227  00f2 ????	       bf		      BYTE.b	%10111111
    228  00f3 ????	       20		      BYTE.b	%00100000
    229  00f4 ????	       20		      BYTE.b	%00100000
    230  00f5 ????	       20		      BYTE.b	%00100000
    231  00f6 ????	       bf		      BYTE.b	%10111111
    232  00f7 ????	       bf		      BYTE.b	%10111111
    233  00f8 ????	       20		      BYTE.b	%00100000
    234  00f9 ????	       20		      BYTE.b	%00100000
    235  00fa ????	       20		      BYTE.b	%00100000
    236  00fb ????	       bf		      BYTE.b	%10111111
    237  00fc ????
    238  00fc ????			  -	      if	>. != >[.+(bmp_96x2_2_height)]
    239  00fc ????			  -	      align	256
    240  00fc ????				      endif
    241  00fc ????
    242  00fc ????
    243  00fc ????			   bmp_96x2_2_11
    244  00fc ????						; *** replace this block with your bimap_11 data block...
    245  00fc ????	       ff		      BYTE.b	%11111111
    246  00fd ????	       01		      BYTE.b	%00000001
    247  00fe ????	       01		      BYTE.b	%00000001
    248  00ff ????	       01		      BYTE.b	%00000001
    249  0100 ????	       ff		      BYTE.b	%11111111
    250  0101 ????	       ff		      BYTE.b	%11111111
    251  0102 ????	       01		      BYTE.b	%00000001
    252  0103 ????	       01		      BYTE.b	%00000001
    253  0104 ????	       01		      BYTE.b	%00000001
    254  0105 ????	       ff		      BYTE.b	%11111111
