------- FILE player_image.asm LEVEL 1 PASS 2
      1  0054 ????
      2  0054 ????
      3  0054 ????						;*** the height of this mini-kernel.
      4  0054 ????	       00 32	   bmp_player_window =	50
      5  0054 ????
      6  0054 ????						;*** how many scanlines per pixel. 
      7  0054 ????	       00 01	   bmp_player_kernellines =	1
      8  0054 ????
      9  0054 ????						;*** the height of each player.
     10  0054 ????	       00 0a	   bmp_player0_height =	10
     11  0054 ????	       00 0a	   bmp_player1_height =	10
     12  0054 ????
     13  0054 ????						;*** NUSIZ0 value. If you want to change it in a variable
     14  0054 ????						;*** instead, dim on in bB called "bmp_player0_nusiz"
     15  0054 ????				      ifnconst	bmp_player0_nusiz
     16  0054 ????			   bmp_player0_nusiz
     17  0054 ????				      endif
     18  0054 ????	       00		      BYTE.b	0
     19  0055 ????
     20  0055 ????						;*** NUSIZ1 value. If you want to change it in a variable
     21  0055 ????						;*** instead, dim on in bB called "bmp_player1_nusiz"
     22  0055 ????				      ifnconst	bmp_player1_nusiz
     23  0055 ????			   bmp_player1_nusiz
     24  0055 ????				      endif
     25  0055 ????	       00		      BYTE.b	0
     26  0056 ????
     27  0056 ????						;*** REFP0 value. If you want to change it in a variable
     28  0056 ????						;*** instead, dim on in bB called "bmp_player0_refp"
     29  0056 ????				      ifnconst	bmp_player0_refp
     30  0056 ????			   bmp_player0_refp
     31  0056 ????				      endif
     32  0056 ????	       00		      BYTE.b	0
     33  0057 ????
     34  0057 ????						;*** REFP1 value. If you want to change it in a variable
     35  0057 ????						;*** instead, dim on in bB called "bmp_player1_refp"
     36  0057 ????				      ifnconst	bmp_player1_refp
     37  0057 ????			   bmp_player1_refp
     38  0057 ????				      endif
     39  0057 ????	       00		      BYTE.b	0
     40  0058 ????
     41  0058 ????						;*** the bitmap data for player0
     42  0058 ????			   bmp_player0
     43  0058 ????	       42		      BYTE.b	%01000010
     44  0059 ????	       64		      BYTE.b	%01100100
     45  005a ????	       1c		      BYTE.b	%00011100
     46  005b ????	       3c		      BYTE.b	%00111100
     47  005c ????	       1c		      BYTE.b	%00011100
     48  005d ????	       18		      BYTE.b	%00011000
     49  005e ????	       0c		      BYTE.b	%00001100
     50  005f ????	       0c		      BYTE.b	%00001100
     51  0060 ????	       0c		      BYTE.b	%00001100
     52  0061 ????	       00		      BYTE.b	%00000000
     53  0062 ????
     54  0062 ????	       06		      BYTE.b	%00000110
     55  0063 ????	       64		      BYTE.b	%01100100
     56  0064 ????	       1c		      BYTE.b	%00011100
     57  0065 ????	       5a		      BYTE.b	%01011010
     58  0066 ????	       3c		      BYTE.b	%00111100
     59  0067 ????	       18		      BYTE.b	%00011000
     60  0068 ????	       0c		      BYTE.b	%00001100
     61  0069 ????	       0c		      BYTE.b	%00001100
     62  006a ????	       0c		      BYTE.b	%00001100
     63  006b ????	       00		      BYTE.b	%00000000
     64  006c ????
     65  006c ????	       18		      BYTE.b	%00011000
     66  006d ????	       38		      BYTE.b	%00111000
     67  006e ????	       18		      BYTE.b	%00011000
     68  006f ????	       18		      BYTE.b	%00011000
     69  0070 ????	       18		      BYTE.b	%00011000
     70  0071 ????	       18		      BYTE.b	%00011000
     71  0072 ????	       0c		      BYTE.b	%00001100
     72  0073 ????	       0c		      BYTE.b	%00001100
     73  0074 ????	       0c		      BYTE.b	%00001100
     74  0075 ????	       00		      BYTE.b	%00000000
     75  0076 ????
     76  0076 ????	       40		      BYTE.b	%01000000
     77  0077 ????	       50		      BYTE.b	%01010000
     78  0078 ????	       48		      BYTE.b	%01001000
     79  0079 ????	       38		      BYTE.b	%00111000
     80  007a ????	       78		      BYTE.b	%01111000
     81  007b ????	       38		      BYTE.b	%00111000
     82  007c ????	       30		      BYTE.b	%00110000
     83  007d ????	       18		      BYTE.b	%00011000
     84  007e ????	       18		      BYTE.b	%00011000
     85  007f ????	       18		      BYTE.b	%00011000
     86  0080 ????
     87  0080 ????						;*** the color data for player0
     88  0080 ????			   bmp_color_player0
     89  0080 ????	       84		      BYTE.b	$84
     90  0081 ????	       84		      BYTE.b	$84
     91  0082 ????	       84		      BYTE.b	$84
     92  0083 ????	       b4		      BYTE.b	$B4
     93  0084 ????	       b4		      BYTE.b	$B4
     94  0085 ????	       b4		      BYTE.b	$B4
     95  0086 ????	       fe		      BYTE.b	$FE
     96  0087 ????	       fe		      BYTE.b	$FE
     97  0088 ????	       fe		      BYTE.b	$FE
     98  0089 ????	       fe		      BYTE.b	$FE
     99  008a ????
    100  008a ????	       84		      BYTE.b	$84
    101  008b ????	       84		      BYTE.b	$84
    102  008c ????	       84		      BYTE.b	$84
    103  008d ????	       b4		      BYTE.b	$B4
    104  008e ????	       b4		      BYTE.b	$B4
    105  008f ????	       b4		      BYTE.b	$B4
    106  0090 ????	       fe		      BYTE.b	$FE
    107  0091 ????	       fe		      BYTE.b	$FE
    108  0092 ????	       fe		      BYTE.b	$FE
    109  0093 ????	       fe		      BYTE.b	$FE
    110  0094 ????
    111  0094 ????	       84		      BYTE.b	$84
    112  0095 ????	       84		      BYTE.b	$84
    113  0096 ????	       84		      BYTE.b	$84
    114  0097 ????	       b4		      BYTE.b	$B4
    115  0098 ????	       b4		      BYTE.b	$B4
    116  0099 ????	       b4		      BYTE.b	$B4
    117  009a ????	       fe		      BYTE.b	$FE
    118  009b ????	       fe		      BYTE.b	$FE
    119  009c ????	       fe		      BYTE.b	$FE
    120  009d ????	       fe		      BYTE.b	$FE
    121  009e ????
    122  009e ????	       84		      BYTE.b	$84
    123  009f ????	       84		      BYTE.b	$84
    124  00a0 ????	       84		      BYTE.b	$84
    125  00a1 ????	       b4		      BYTE.b	$B4
    126  00a2 ????	       b4		      BYTE.b	$B4
    127  00a3 ????	       b4		      BYTE.b	$B4
    128  00a4 ????	       fe		      BYTE.b	$FE
    129  00a5 ????	       fe		      BYTE.b	$FE
    130  00a6 ????	       fe		      BYTE.b	$FE
    131  00a7 ????	       fe		      BYTE.b	$FE
